

ΓòöΓòÉΓòÉΓòÉΓòÉΓòÉΓòÉΓòÉΓòÉΓòÉΓòÉΓòÉΓòÉΓòÉΓòÉΓòÉΓòÉΓòÉΓòÉΓòÉΓòÉΓòÉΓòÉΓòÉΓòÉΓòÉΓòÉΓòÉΓòÉΓòÉΓòÉΓòÉΓòÉΓòÉΓòÉΓòÉΓòÉΓòÉΓòÉΓòÉΓòÉΓòÉΓòÉΓòÉΓòÉΓòÉΓòÉΓòÉΓòÉΓòÉΓòÉΓòÉΓòÉΓòÉΓòÉΓòÉΓòÉΓòÉΓòÉΓòÉΓòÉΓòÉΓòÉΓòÉΓòÉΓòÉΓòÉΓòÉΓòÉΓòÉΓòÉΓòÉΓòÉΓòÉΓòÉΓòÉΓòÉΓòÉΓòÉΓòÉΓòù
Γòæ                    AlgoSheet Backend Calibration Test Suite                  Γòæ
ΓòÜΓòÉΓòÉΓòÉΓòÉΓòÉΓòÉΓòÉΓòÉΓòÉΓòÉΓòÉΓòÉΓòÉΓòÉΓòÉΓòÉΓòÉΓòÉΓòÉΓòÉΓòÉΓòÉΓòÉΓòÉΓòÉΓòÉΓòÉΓòÉΓòÉΓòÉΓòÉΓòÉΓòÉΓòÉΓòÉΓòÉΓòÉΓòÉΓòÉΓòÉΓòÉΓòÉΓòÉΓòÉΓòÉΓòÉΓòÉΓòÉΓòÉΓòÉΓòÉΓòÉΓòÉΓòÉΓòÉΓòÉΓòÉΓòÉΓòÉΓòÉΓòÉΓòÉΓòÉΓòÉΓòÉΓòÉΓòÉΓòÉΓòÉΓòÉΓòÉΓòÉΓòÉΓòÉΓòÉΓòÉΓòÉΓòÉΓòÉΓò¥

Running 12 tests...


================================================================================
TEST: FTE Estimation - Google
================================================================================
Prompt: Estimate the number of full-time employees (FTE) for Google as of 2024.
Mode: structured, Schema: number
Options: web=true;sources=true

Sending request...
Γ¥î ERROR: request to http://localhost:3000/algosheet failed, reason: 

================================================================================
TEST: FTE Estimation - Stripe
================================================================================
Prompt: Estimate the number of employees for Stripe.
Mode: structured, Schema: number
Options: web=true;sources=true

Sending request...
Γ¥î ERROR: request to http://localhost:3000/algosheet failed, reason: 

================================================================================
TEST: Company Type - Tesla
================================================================================
Prompt: Classify Tesla as either Independent, Subsidiary of a Group, or owned by a Private Equity fund.
Mode: structured, Schema: enum(Independent,Group,Private Equity)
Options: web=true;sources=true

Sending request...
Γ¥î ERROR: request to http://localhost:3000/algosheet failed, reason: 

================================================================================
TEST: Company Type - Toys R Us
================================================================================
Prompt: Classify Toys R Us as either Independent, Subsidiary of a Group, or owned by a Private Equity fund.
Mode: structured, Schema: enum(Independent,Group,Private Equity)
Options: web=true

Sending request...
Γ¥î ERROR: request to http://localhost:3000/algosheet failed, reason: 

================================================================================
TEST: Company Description - Airbus
================================================================================
Prompt: In one sentence, describe the main business activity of Airbus.
Mode: free, Schema: N/A
Options: web=true

Sending request...
Γ¥î ERROR: request to http://localhost:3000/algosheet failed, reason: 

================================================================================
TEST: Revenue - Salesforce 2024
================================================================================
Prompt: What was Salesforce's annual revenue in 2024? Give only the number in billions USD.
Mode: structured, Schema: number
Options: web=true;sources=true

Sending request...
Γ¥î ERROR: request to http://localhost:3000/algosheet failed, reason: 

================================================================================
TEST: HQ Location - LVMH
================================================================================
Prompt: What is the headquarters location (city) of LVMH?
Mode: structured, Schema: text
Options: web=true

Sending request...
Γ¥î ERROR: request to http://localhost:3000/algosheet failed, reason: 

================================================================================
TEST: Industry - Schneider Electric
================================================================================
Prompt: What industry does Schneider Electric operate in? Choose from: Technology, Industrial, Consumer Goods, Healthcare, Financial Services.
Mode: structured, Schema: enum(Technology,Industrial,Consumer Goods,Healthcare,Financial Services)
Options: web=true

Sending request...
Γ¥î ERROR: request to http://localhost:3000/algosheet failed, reason: 

================================================================================
TEST: Public Status - SpaceX
================================================================================
Prompt: Is SpaceX a publicly traded company? Answer only Yes or No.
Mode: structured, Schema: enum(Yes,No)
Options: web=true

Sending request...
Γ¥î ERROR: request to http://localhost:3000/algosheet failed, reason: 

================================================================================
TEST: Founded Year - Microsoft
================================================================================
Prompt: In what year was Microsoft founded? Give only the year as a number.
Mode: structured, Schema: number
Options: web=false

Sending request...
Γ¥î ERROR: request to http://localhost:3000/algosheet failed, reason: 

================================================================================
TEST: Market Position - No Web Search
================================================================================
Prompt: Is Amazon primarily an e-commerce company or a cloud computing company?
Mode: free, Schema: N/A
Options: web=false

Sending request...
Γ¥î ERROR: request to http://localhost:3000/algosheet failed, reason: 

================================================================================
TEST: Recent Acquisition
================================================================================
Prompt: What major acquisition did Microsoft announce in 2023? Give the company name.
Mode: structured, Schema: text
Options: web=true;sources=true

Sending request...
Γ¥î ERROR: request to http://localhost:3000/algosheet failed, reason: 



ΓòöΓòÉΓòÉΓòÉΓòÉΓòÉΓòÉΓòÉΓòÉΓòÉΓòÉΓòÉΓòÉΓòÉΓòÉΓòÉΓòÉΓòÉΓòÉΓòÉΓòÉΓòÉΓòÉΓòÉΓòÉΓòÉΓòÉΓòÉΓòÉΓòÉΓòÉΓòÉΓòÉΓòÉΓòÉΓòÉΓòÉΓòÉΓòÉΓòÉΓòÉΓòÉΓòÉΓòÉΓòÉΓòÉΓòÉΓòÉΓòÉΓòÉΓòÉΓòÉΓòÉΓòÉΓòÉΓòÉΓòÉΓòÉΓòÉΓòÉΓòÉΓòÉΓòÉΓòÉΓòÉΓòÉΓòÉΓòÉΓòÉΓòÉΓòÉΓòÉΓòÉΓòÉΓòÉΓòÉΓòÉΓòÉΓòÉΓòÉΓòù
Γòæ                              TEST SUMMARY                                     Γòæ
ΓòÜΓòÉΓòÉΓòÉΓòÉΓòÉΓòÉΓòÉΓòÉΓòÉΓòÉΓòÉΓòÉΓòÉΓòÉΓòÉΓòÉΓòÉΓòÉΓòÉΓòÉΓòÉΓòÉΓòÉΓòÉΓòÉΓòÉΓòÉΓòÉΓòÉΓòÉΓòÉΓòÉΓòÉΓòÉΓòÉΓòÉΓòÉΓòÉΓòÉΓòÉΓòÉΓòÉΓòÉΓòÉΓòÉΓòÉΓòÉΓòÉΓòÉΓòÉΓòÉΓòÉΓòÉΓòÉΓòÉΓòÉΓòÉΓòÉΓòÉΓòÉΓòÉΓòÉΓòÉΓòÉΓòÉΓòÉΓòÉΓòÉΓòÉΓòÉΓòÉΓòÉΓòÉΓòÉΓòÉΓòÉΓòÉΓòÉΓòÉΓò¥

Total Tests: 12
Γ£à Passed: 0
Γ¥î Failed: 12


Failed Tests:
  - FTE Estimation - Google: request to http://localhost:3000/algosheet failed, reason: 
  - FTE Estimation - Stripe: request to http://localhost:3000/algosheet failed, reason: 
  - Company Type - Tesla: request to http://localhost:3000/algosheet failed, reason: 
  - Company Type - Toys R Us: request to http://localhost:3000/algosheet failed, reason: 
  - Company Description - Airbus: request to http://localhost:3000/algosheet failed, reason: 
  - Revenue - Salesforce 2024: request to http://localhost:3000/algosheet failed, reason: 
  - HQ Location - LVMH: request to http://localhost:3000/algosheet failed, reason: 
  - Industry - Schneider Electric: request to http://localhost:3000/algosheet failed, reason: 
  - Public Status - SpaceX: request to http://localhost:3000/algosheet failed, reason: 
  - Founded Year - Microsoft: request to http://localhost:3000/algosheet failed, reason: 
  - Market Position - No Web Search: request to http://localhost:3000/algosheet failed, reason: 
  - Recent Acquisition: request to http://localhost:3000/algosheet failed, reason: 


